control COMPLETE
depth COMPLETE
quote COMPLETE
slip90 COMPLETE
entry_delay COMPLETE
exit_delay COMPLETE
combined COMPLETE
control_benchmark COMPLETE
depth_benchmark COMPLETE
quote_benchmark COMPLETE
slip90_benchmark COMPLETE
entry_delay_benchmark COMPLETE
exit_delay_benchmark COMPLETE
combined_benchmark COMPLETE
trend60_control COMPLETE
trend60_combined COMPLETE
shock_control COMPLETE
shock_combined COMPLETE
random_11 COMPLETE
random_29 COMPLETE
random_47 COMPLETE
start_2023 COMPLETE
start_2023_benchmark COMPLETE
start_2024 COMPLETE
start_2024_benchmark COMPLETE
start_2025 COMPLETE
start_2025_benchmark COMPLETE
exclude_top1 COMPLETE
exclude_top2 COMPLETE
All recorded cases reproduced offline
